Archive member included because of file (symbol)

c:/program files/winavr/bin/../lib/gcc/avr/4.3.3/avr35\libgcc.a(_exit.o)
                              c:/program files/winavr/bin/../lib/gcc/avr/4.3.3/../../../../avr/lib/avr35/crtm32u2.o (exit)

Memory Configuration

Name             Origin             Length             Attributes
text             0x00000000         0x00020000         xr
data             0x00800060         0x0000ffa0         rw !x
eeprom           0x00810000         0x00010000         rw !x
fuse             0x00820000         0x00000400         rw !x
lock             0x00830000         0x00000400         rw !x
signature        0x00840000         0x00000400         rw !x
*default*        0x00000000         0xffffffff

Linker script and memory map

Address of section .data set to 0x800100
LOAD c:/program files/winavr/bin/../lib/gcc/avr/4.3.3/../../../../avr/lib/avr35/crtm32u2.o
Address of section .noinit set to 0x800100
Address of section .data set to 0x80010e
LOAD U2Sfw.o
LOAD usb_lib.o
LOAD c:/program files/winavr/bin/../lib/gcc/avr/4.3.3/avr35\libgcc.a
LOAD c:/program files/winavr/bin/../lib/gcc/avr/4.3.3/../../../../avr/lib/avr35\libc.a
LOAD c:/program files/winavr/bin/../lib/gcc/avr/4.3.3/avr35\libgcc.a

.hash
 *(.hash)

.dynsym
 *(.dynsym)

.dynstr
 *(.dynstr)

.gnu.version
 *(.gnu.version)

.gnu.version_d
 *(.gnu.version_d)

.gnu.version_r
 *(.gnu.version_r)

.rel.init
 *(.rel.init)

.rela.init
 *(.rela.init)

.rel.text
 *(.rel.text)
 *(.rel.text.*)
 *(.rel.gnu.linkonce.t*)

.rela.text
 *(.rela.text)
 *(.rela.text.*)
 *(.rela.gnu.linkonce.t*)

.rel.fini
 *(.rel.fini)

.rela.fini
 *(.rela.fini)

.rel.rodata
 *(.rel.rodata)
 *(.rel.rodata.*)
 *(.rel.gnu.linkonce.r*)

.rela.rodata
 *(.rela.rodata)
 *(.rela.rodata.*)
 *(.rela.gnu.linkonce.r*)

.rel.data
 *(.rel.data)
 *(.rel.data.*)
 *(.rel.gnu.linkonce.d*)

.rela.data
 *(.rela.data)
 *(.rela.data.*)
 *(.rela.gnu.linkonce.d*)

.rel.ctors
 *(.rel.ctors)

.rela.ctors
 *(.rela.ctors)

.rel.dtors
 *(.rel.dtors)

.rela.dtors
 *(.rela.dtors)

.rel.got
 *(.rel.got)

.rela.got
 *(.rela.got)

.rel.bss
 *(.rel.bss)

.rela.bss
 *(.rela.bss)

.rel.plt
 *(.rel.plt)

.rela.plt
 *(.rela.plt)

.text           0x00000000      0x2fc
 *(.vectors)
 .vectors       0x00000000       0x98 c:/program files/winavr/bin/../lib/gcc/avr/4.3.3/../../../../avr/lib/avr35/crtm32u2.o
                0x00000000                __vectors
                0x00000000                __vector_default
 *(.vectors)
 *(.progmem.gcc*)
 *(.progmem*)
                0x00000098                . = ALIGN (0x2)
                0x00000098                __trampolines_start = .
 *(.trampolines)
 .trampolines   0x00000098        0x0 linker stubs
 *(.trampolines*)
                0x00000098                __trampolines_end = .
 *(.jumptables)
 *(.jumptables*)
 *(.lowtext)
 *(.lowtext*)
                0x00000098                __ctors_start = .
 *(.ctors)
                0x00000098                __ctors_end = .
                0x00000098                __dtors_start = .
 *(.dtors)
                0x00000098                __dtors_end = .
 SORT(*)(.ctors)
 SORT(*)(.dtors)
 *(.init0)
 .init0         0x00000098        0x0 c:/program files/winavr/bin/../lib/gcc/avr/4.3.3/../../../../avr/lib/avr35/crtm32u2.o
                0x00000098                __init
 *(.init0)
 *(.init1)
 *(.init1)
 *(.init2)
 .init2         0x00000098        0xc c:/program files/winavr/bin/../lib/gcc/avr/4.3.3/../../../../avr/lib/avr35/crtm32u2.o
 *(.init2)
 *(.init3)
 *(.init3)
 *(.init4)
 *(.init4)
 *(.init5)
 *(.init5)
 *(.init6)
 *(.init6)
 *(.init7)
 *(.init7)
 *(.init8)
 *(.init8)
 *(.init9)
 .init9         0x000000a4        0x8 c:/program files/winavr/bin/../lib/gcc/avr/4.3.3/../../../../avr/lib/avr35/crtm32u2.o
 *(.init9)
 *(.text)
 .text          0x000000ac        0x4 c:/program files/winavr/bin/../lib/gcc/avr/4.3.3/../../../../avr/lib/avr35/crtm32u2.o
                0x000000ac                __vector_22
                0x000000ac                __vector_28
                0x000000ac                __vector_1
                0x000000ac                __vector_32
                0x000000ac                __vector_34
                0x000000ac                __vector_24
                0x000000ac                __bad_interrupt
                0x000000ac                __vector_6
                0x000000ac                __vector_31
                0x000000ac                __vector_35
                0x000000ac                __vector_3
                0x000000ac                __vector_23
                0x000000ac                __vector_30
                0x000000ac                __vector_25
                0x000000ac                __vector_13
                0x000000ac                __vector_17
                0x000000ac                __vector_19
                0x000000ac                __vector_7
                0x000000ac                __vector_27
                0x000000ac                __vector_5
                0x000000ac                __vector_33
                0x000000ac                __vector_37
                0x000000ac                __vector_4
                0x000000ac                __vector_9
                0x000000ac                __vector_2
                0x000000ac                __vector_21
                0x000000ac                __vector_15
                0x000000ac                __vector_36
                0x000000ac                __vector_29
                0x000000ac                __vector_8
                0x000000ac                __vector_26
                0x000000ac                __vector_14
                0x000000ac                __vector_10
                0x000000ac                __vector_16
                0x000000ac                __vector_18
                0x000000ac                __vector_20
 .text          0x000000b0       0x48 U2Sfw.o
                0x000000b0                main
 .text          0x000000f8      0x200 usb_lib.o
                0x00000184                usb_getc
                0x00000146                usb_rxready
                0x000002ba                __vector_12
                0x00000122                usb_init
                0x0000026a                __vector_11
                0x0000024e                usb_putc
                0x000000f8                set_clock
                0x0000010a                select_mode
                0x000001dc                usb_txready
                0x000001fc                usb_flush
                0x00000214                usb_putc_nf
 .text          0x000002f8        0x0 c:/program files/winavr/bin/../lib/gcc/avr/4.3.3/avr35\libgcc.a(_exit.o)
                0x000002f8                . = ALIGN (0x2)
 *(.text.*)
 .text.libgcc   0x000002f8        0x0 c:/program files/winavr/bin/../lib/gcc/avr/4.3.3/avr35\libgcc.a(_exit.o)
                0x000002f8                . = ALIGN (0x2)
 *(.fini9)
 .fini9         0x000002f8        0x0 c:/program files/winavr/bin/../lib/gcc/avr/4.3.3/avr35\libgcc.a(_exit.o)
                0x000002f8                exit
                0x000002f8                _exit
 *(.fini9)
 *(.fini8)
 *(.fini8)
 *(.fini7)
 *(.fini7)
 *(.fini6)
 *(.fini6)
 *(.fini5)
 *(.fini5)
 *(.fini4)
 *(.fini4)
 *(.fini3)
 *(.fini3)
 *(.fini2)
 *(.fini2)
 *(.fini1)
 *(.fini1)
 *(.fini0)
 .fini0         0x000002f8        0x4 c:/program files/winavr/bin/../lib/gcc/avr/4.3.3/avr35\libgcc.a(_exit.o)
 *(.fini0)
                0x000002fc                _etext = .

.data           0x0080010e        0x0 load address 0x000002fc
                0x0080010e                PROVIDE (__data_start, .)
 *(.data)
 .data          0x0080010e        0x0 c:/program files/winavr/bin/../lib/gcc/avr/4.3.3/../../../../avr/lib/avr35/crtm32u2.o
 .data          0x0080010e        0x0 U2Sfw.o
 .data          0x0080010e        0x0 usb_lib.o
 .data          0x0080010e        0x0 c:/program files/winavr/bin/../lib/gcc/avr/4.3.3/avr35\libgcc.a(_exit.o)
 *(.data*)
 *(.rodata)
 *(.rodata*)
 *(.gnu.linkonce.d*)
                0x0080010e                . = ALIGN (0x2)
                0x0080010e                _edata = .
                0x0080010e                PROVIDE (__data_end, .)

.bss            0x0080010e        0x0
                0x0080010e                PROVIDE (__bss_start, .)
 *(.bss)
 .bss           0x0080010e        0x0 c:/program files/winavr/bin/../lib/gcc/avr/4.3.3/../../../../avr/lib/avr35/crtm32u2.o
 .bss           0x0080010e        0x0 U2Sfw.o
 .bss           0x0080010e        0x0 usb_lib.o
 .bss           0x0080010e        0x0 c:/program files/winavr/bin/../lib/gcc/avr/4.3.3/avr35\libgcc.a(_exit.o)
 *(.bss*)
 *(COMMON)
                0x0080010e                PROVIDE (__bss_end, .)
                0x000002fc                __data_load_start = LOADADDR (.data)
                0x000002fc                __data_load_end = (__data_load_start + SIZEOF (.data))

.noinit         0x00800100        0xe
                0x00800100                PROVIDE (__noinit_start, .)
 *(.noinit*)
 .noinit        0x00800100        0xe usb_lib.o
                0x0080010d                rsvd
                0x0080010a                line_break
                0x00800101                line_flags
                0x0080010c                select
                0x00800102                line_coding
                0x00800100                conf_nr
                0x00800109                line_status
                0x0080010e                PROVIDE (__noinit_end, .)
                0x0080010e                _end = .
                0x0080010e                PROVIDE (__heap_start, .)

.eeprom         0x00810000        0x0
 *(.eeprom*)
                0x00810000                __eeprom_end = .

.fuse
 *(.fuse)
 *(.lfuse)
 *(.hfuse)
 *(.efuse)

.lock
 *(.lock*)

.signature
 *(.signature*)

.stab
 *(.stab)

.stabstr
 *(.stabstr)

.stab.excl
 *(.stab.excl)

.stab.exclstr
 *(.stab.exclstr)

.stab.index
 *(.stab.index)

.stab.indexstr
 *(.stab.indexstr)

.comment
 *(.comment)

.debug
 *(.debug)

.line
 *(.line)

.debug_srcinfo
 *(.debug_srcinfo)

.debug_sfnames
 *(.debug_sfnames)

.debug_aranges  0x00000000       0x40
 *(.debug_aranges)
 .debug_aranges
                0x00000000       0x20 U2Sfw.o
 .debug_aranges
                0x00000020       0x20 usb_lib.o

.debug_pubnames
                0x00000000      0x12e
 *(.debug_pubnames)
 .debug_pubnames
                0x00000000       0x1b U2Sfw.o
 .debug_pubnames
                0x0000001b      0x113 usb_lib.o

.debug_info     0x00000000      0x422
 *(.debug_info)
 .debug_info    0x00000000       0xcb U2Sfw.o
 .debug_info    0x000000cb      0x357 usb_lib.o
 *(.gnu.linkonce.wi.*)

.debug_abbrev   0x00000000      0x215
 *(.debug_abbrev)
 .debug_abbrev  0x00000000       0x77 U2Sfw.o
 .debug_abbrev  0x00000077      0x19e usb_lib.o

.debug_line     0x00000000      0x38e
 *(.debug_line)
 .debug_line    0x00000000       0xc1 U2Sfw.o
 .debug_line    0x000000c1      0x2cd usb_lib.o

.debug_frame    0x00000000       0xe0
 *(.debug_frame)
 .debug_frame   0x00000000       0x20 U2Sfw.o
 .debug_frame   0x00000020       0xc0 usb_lib.o

.debug_str      0x00000000      0x1bf
 *(.debug_str)
 .debug_str     0x00000000       0xb7 U2Sfw.o
                                 0xf0 (size before relaxing)
 .debug_str     0x000000b7      0x108 usb_lib.o
                                0x1fb (size before relaxing)

.debug_loc      0x00000000       0xbd
 *(.debug_loc)
 .debug_loc     0x00000000       0x40 U2Sfw.o
 .debug_loc     0x00000040       0x7d usb_lib.o

.debug_macinfo
 *(.debug_macinfo)
OUTPUT(U2Sfw.elf elf32-avr)
LOAD linker stubs
